[32m2026-06-19 18:55:30 +0200[0m - dagster - [34mDEBUG[0m - __ASSET_JOB - cec3d9dc-e414-4b00-9bad-3f55b0a9f830 - 34890 - LOGS_CAPTURED - Capturing logs for process (pid: 34890).
[32m2026-06-19 18:55:30 +0200[0m - dagster - [34mDEBUG[0m - __ASSET_JOB - cec3d9dc-e414-4b00-9bad-3f55b0a9f830 - 34890 - wikidata_company_seed_clickhouse - STEP_START - Started execution of step "wikidata_company_seed_clickhouse".
[32m2026-06-19 18:55:31 +0200[0m - dagster - [34mERROR[0m - [31m__ASSET_JOB - cec3d9dc-e414-4b00-9bad-3f55b0a9f830 - 34890 - wikidata_company_seed_clickhouse - STEP_FAILURE - Execution of step "wikidata_company_seed_clickhouse" failed.

dagster._core.errors.DagsterExecutionStepExecutionError: Error occurred while executing op "wikidata_company_seed_clickhouse"::

ValueError: Missing ClickHouse tables in corpscout: wikidata_company_websites, wikidata_company_relationships

Stack Trace:
  File "/Users/graovic/pulsarpoint/ppoint/companycollect/corpscout/dagster_v3/.venv/lib/python3.14/site-packages/dagster/_core/execution/plan/utils.py", line 57, in op_execution_error_boundary
    yield
  File "/Users/graovic/pulsarpoint/ppoint/companycollect/corpscout/dagster_v3/.venv/lib/python3.14/site-packages/dagster/_utils/__init__.py", line 394, in iterate_with_context
    next_output = next(iterator)
  File "/Users/graovic/pulsarpoint/ppoint/companycollect/corpscout/dagster_v3/.venv/lib/python3.14/site-packages/dagster/_core/execution/plan/compute_generator.py", line 136, in _coerce_op_compute_fn_to_iterator
    result = invoke_compute_fn(
        fn, context, kwargs, context_arg_provided, config_arg_class, resource_arg_mapping
    )
  File "/Users/graovic/pulsarpoint/ppoint/companycollect/corpscout/dagster_v3/.venv/lib/python3.14/site-packages/dagster/_core/execution/plan/compute_generator.py", line 116, in invoke_compute_fn
    return fn(context, **args_to_pass) if context_arg_provided else fn(**args_to_pass)
                                                                    ~~^^^^^^^^^^^^^^^^
  File "/Users/graovic/pulsarpoint/ppoint/companycollect/corpscout/dagster_v3/src/dagster_v3/defs/wikidata/assets.py", line 167, in wikidata_company_seed_clickhouse
    return _export_wikidata_tables_to_clickhouse(clickhouse)
  File "/Users/graovic/pulsarpoint/ppoint/companycollect/corpscout/dagster_v3/src/dagster_v3/defs/wikidata/assets.py", line 173, in _export_wikidata_tables_to_clickhouse
    assert_clickhouse_tables_exist(
    ~~~~~~~~~~~~~~~~~~~~~~~~~~~~~~^
        clickhouse,
        ^^^^^^^^^^^
        database=RESOLVED_DATABASE,
        ^^^^^^^^^^^^^^^^^^^^^^^^^^^
        tables=tables.WIKIDATA_TABLES,
        ^^^^^^^^^^^^^^^^^^^^^^^^^^^^^^
    )
    ^
  File "/Users/graovic/pulsarpoint/ppoint/companycollect/corpscout/dagster_v3/src/dagster_v3/defs/clickhouse/resolved.py", line 48, in assert_clickhouse_tables_exist
    raise ValueError(f"Missing ClickHouse tables in {database}: {', '.join(missing)}")
[0m
