[32m2026-06-19 21:00:42 +0200[0m - dagster - [34mDEBUG[0m - __ASSET_JOB - 4a02652b-49cb-4063-a2df-e17dee660c49 - 87279 - LOGS_CAPTURED - Capturing logs for process (pid: 87279).
[32m2026-06-19 21:00:42 +0200[0m - dagster - [34mDEBUG[0m - __ASSET_JOB - 4a02652b-49cb-4063-a2df-e17dee660c49 - 87279 - wikidata_company_seed_clickhouse - STEP_START - Started execution of step "wikidata_company_seed_clickhouse".
Error on socket shutdown: [Errno 57] Socket is not connected
[32m2026-06-19 21:00:42 +0200[0m - dagster - [34mERROR[0m - [31m__ASSET_JOB - 4a02652b-49cb-4063-a2df-e17dee660c49 - 87279 - wikidata_company_seed_clickhouse - STEP_FAILURE - Execution of step "wikidata_company_seed_clickhouse" failed.

dagster._core.errors.DagsterExecutionStepExecutionError: Error occurred while executing op "wikidata_company_seed_clickhouse"::

clickhouse_driver.errors.ServerException: Code: 81.
DB::Exception: Database corpscout_sources does not exist. Stack trace:

0. DB::Exception::Exception(DB::Exception::MessageMasked&&, int, bool) @ 0x00000000171c8f2a
1. DB::Exception::Exception(String&&, int, String, bool) @ 0x000000001050bfce
2. DB::Exception::Exception(PreformattedMessage&&, int) @ 0x000000001050b844
3. DB::Exception::Exception<String>(int, FormatStringHelperImpl<std::type_identity<String>::type>, String&&) @ 0x000000001050b4b6
4. DB::DatabaseCatalog::assertDatabaseExists(String const&) const @ 0x000000001b84e028
5. DB::TCPHandler::runImpl() @ 0x000000001d725716
6. DB::TCPHandler::run() @ 0x000000001d74fc24
7. Poco::Net::TCPServerConnection::start() @ 0x0000000022f6db87
8. Poco::Net::TCPServerDispatcher::run() @ 0x0000000022f6e082
9. Poco::PooledThread::run() @ 0x0000000022f2fa1c
10. Poco::ThreadImpl::runnableEntry(void*) @ 0x0000000022f2df0f
11. ? @ 0x0000000000094ac3
12. __clone @ 0x0000000000125a84


Stack Trace:
  File "/Users/graovic/pulsarpoint/ppoint/companycollect/corpscout/dagster_v3/.venv/lib/python3.14/site-packages/dagster/_core/execution/plan/utils.py", line 57, in op_execution_error_boundary
    yield
  File "/Users/graovic/pulsarpoint/ppoint/companycollect/corpscout/dagster_v3/.venv/lib/python3.14/site-packages/dagster/_utils/__init__.py", line 394, in iterate_with_context
    next_output = next(iterator)
  File "/Users/graovic/pulsarpoint/ppoint/companycollect/corpscout/dagster_v3/.venv/lib/python3.14/site-packages/dagster/_core/execution/plan/compute_generator.py", line 136, in _coerce_op_compute_fn_to_iterator
    result = invoke_compute_fn(
        fn, context, kwargs, context_arg_provided, config_arg_class, resource_arg_mapping
    )
  File "/Users/graovic/pulsarpoint/ppoint/companycollect/corpscout/dagster_v3/.venv/lib/python3.14/site-packages/dagster/_core/execution/plan/compute_generator.py", line 116, in invoke_compute_fn
    return fn(context, **args_to_pass) if context_arg_provided else fn(**args_to_pass)
                                                                    ~~^^^^^^^^^^^^^^^^
  File "/Users/graovic/pulsarpoint/ppoint/companycollect/corpscout/dagster_v3/src/dagster_v3/defs/wikidata/assets.py", line 167, in wikidata_company_seed_clickhouse
    return _export_wikidata_tables_to_clickhouse(clickhouse)
  File "/Users/graovic/pulsarpoint/ppoint/companycollect/corpscout/dagster_v3/src/dagster_v3/defs/wikidata/assets.py", line 173, in _export_wikidata_tables_to_clickhouse
    assert_clickhouse_tables_exist(
    ~~~~~~~~~~~~~~~~~~~~~~~~~~~~~~^
        clickhouse,
        ^^^^^^^^^^^
        database=RESOLVED_DATABASE,
        ^^^^^^^^^^^^^^^^^^^^^^^^^^^
        tables=tables.WIKIDATA_TABLES,
        ^^^^^^^^^^^^^^^^^^^^^^^^^^^^^^
    )
    ^
  File "/Users/graovic/pulsarpoint/ppoint/companycollect/corpscout/dagster_v3/src/dagster_v3/defs/clickhouse/resolved.py", line 35, in assert_clickhouse_tables_exist
    rows = client.execute(
        """
    ...<5 lines>...
        {"database": database, "tables": requested_tables},
    )
  File "/Users/graovic/pulsarpoint/ppoint/companycollect/corpscout/dagster_v3/.venv/lib/python3.14/site-packages/clickhouse_driver/client.py", line 370, in execute
    with self.disconnect_on_error(query, settings):
         ~~~~~~~~~~~~~~~~~~~~~~~~^^^^^^^^^^^^^^^^^
  File "/Users/graovic/.local/share/uv/python/cpython-3.14.2-macos-aarch64-none/lib/python3.14/contextlib.py", line 141, in __enter__
    return next(self.gen)
  File "/Users/graovic/pulsarpoint/ppoint/companycollect/corpscout/dagster_v3/.venv/lib/python3.14/site-packages/clickhouse_driver/client.py", line 313, in disconnect_on_error
    self.establish_connection(settings)
    ~~~~~~~~~~~~~~~~~~~~~~~~~^^^^^^^^^^
  File "/Users/graovic/pulsarpoint/ppoint/companycollect/corpscout/dagster_v3/.venv/lib/python3.14/site-packages/clickhouse_driver/client.py", line 300, in establish_connection
    self.connection.force_connect()
    ~~~~~~~~~~~~~~~~~~~~~~~~~~~~~^^
  File "/Users/graovic/pulsarpoint/ppoint/companycollect/corpscout/dagster_v3/.venv/lib/python3.14/site-packages/clickhouse_driver/connection.py", line 278, in force_connect
    self.connect()
    ~~~~~~~~~~~~^^
  File "/Users/graovic/pulsarpoint/ppoint/companycollect/corpscout/dagster_v3/.venv/lib/python3.14/site-packages/clickhouse_driver/connection.py", line 428, in connect
    return self._init_connection(host, port)
           ~~~~~~~~~~~~~~~~~~~~~^^^^^^^^^^^^
  File "/Users/graovic/pulsarpoint/ppoint/companycollect/corpscout/dagster_v3/.venv/lib/python3.14/site-packages/clickhouse_driver/connection.py", line 372, in _init_connection
    self.receive_hello()
    ~~~~~~~~~~~~~~~~~~^^
  File "/Users/graovic/pulsarpoint/ppoint/companycollect/corpscout/dagster_v3/.venv/lib/python3.14/site-packages/clickhouse_driver/connection.py", line 557, in receive_hello
    raise self.receive_exception()
[0m
