[32m2026-06-18 21:33:15 +0200[0m - dagster - [34mDEBUG[0m - __ASSET_JOB - 8d0f07cc-d069-4c4a-baea-b7cc3a081664 - 71899 - LOGS_CAPTURED - Capturing logs for process (pid: 71899).
[32m2026-06-18 21:33:16 +0200[0m - dagster - [34mDEBUG[0m - __ASSET_JOB - 8d0f07cc-d069-4c4a-baea-b7cc3a081664 - 71899 - norway_brreg_financial_statements_duckdb - STEP_START - Started execution of step "norway_brreg_financial_statements_duckdb".
[32m2026-06-18 21:33:16 +0200[0m - dagster - [34mINFO[0m - __ASSET_JOB - 8d0f07cc-d069-4c4a-baea-b7cc3a081664 - norway_brreg_financial_statements_duckdb - Starting Norway Brreg financial statement normalization: duckdb_path=data/norway_brreg_source.duckdb, input_table=norway_brreg.financial_fetches, output_table=norway_brreg.financial_statements
[32m2026-06-18 21:36:02 +0200[0m - dagster - [34mERROR[0m - [31m__ASSET_JOB - 8d0f07cc-d069-4c4a-baea-b7cc3a081664 - 71899 - norway_brreg_financial_statements_duckdb - STEP_FAILURE - Execution of step "norway_brreg_financial_statements_duckdb" failed.

dagster._core.errors.DagsterExecutionStepExecutionError: Error occurred while executing op "norway_brreg_financial_statements_duckdb"::

_duckdb.ConversionException: Conversion Error: invalid date field format: "", expected format is (YYYY-MM-DD)

Stack Trace:
  File "/Users/graovic/pulsarpoint/ppoint/companycollect/corpscout/dagster_v3/.venv/lib/python3.14/site-packages/dagster/_core/execution/plan/utils.py", line 57, in op_execution_error_boundary
    yield
  File "/Users/graovic/pulsarpoint/ppoint/companycollect/corpscout/dagster_v3/.venv/lib/python3.14/site-packages/dagster/_utils/__init__.py", line 394, in iterate_with_context
    next_output = next(iterator)
  File "/Users/graovic/pulsarpoint/ppoint/companycollect/corpscout/dagster_v3/.venv/lib/python3.14/site-packages/dagster/_core/execution/plan/compute_generator.py", line 136, in _coerce_op_compute_fn_to_iterator
    result = invoke_compute_fn(
        fn, context, kwargs, context_arg_provided, config_arg_class, resource_arg_mapping
    )
  File "/Users/graovic/pulsarpoint/ppoint/companycollect/corpscout/dagster_v3/.venv/lib/python3.14/site-packages/dagster/_core/execution/plan/compute_generator.py", line 116, in invoke_compute_fn
    return fn(context, **args_to_pass) if context_arg_provided else fn(**args_to_pass)
           ~~^^^^^^^^^^^^^^^^^^^^^^^^^
  File "/Users/graovic/pulsarpoint/ppoint/companycollect/corpscout/dagster_v3/src/dagster_v3/defs/norway_brreg/assets.py", line 216, in norway_brreg_financial_statements_duckdb_asset
    counts = normalize_norway_brreg_financial_statements_duckdb(
        database_path=NORWAY_BRREG_DUCKDB_PATH,
        exchange_rates=ExchangeRateClient.from_env(),
        log=context.log.info,
    )
  File "/Users/graovic/pulsarpoint/ppoint/companycollect/corpscout/dagster_v3/src/dagster_v3/defs/norway_brreg/assets.py", line 1167, in normalize_norway_brreg_financial_statements_duckdb
    with duckdb.connect(str(database_path)) as connection:
         ~~~~~~~~~~~~~~^^^^^^^^^^^^^^^^^^^^
  File "/Users/graovic/pulsarpoint/ppoint/companycollect/corpscout/dagster_v3/src/dagster_v3/defs/norway_brreg/assets.py", line 1178, in normalize_norway_brreg_financial_statements_duckdb
    _replace_duckdb_table_from_rows(
    ~~~~~~~~~~~~~~~~~~~~~~~~~~~~~~~^
        connection,
        ^^^^^^^^^^^
    ...<3 lines>...
        rows=rows,
        ^^^^^^^^^^
    )
    ^
  File "/Users/graovic/pulsarpoint/ppoint/companycollect/corpscout/dagster_v3/src/dagster_v3/defs/norway_brreg/assets.py", line 1433, in _replace_duckdb_table_from_rows
    connection.executemany(
    ~~~~~~~~~~~~~~~~~~~~~~^
        f"""
        ^^^^
    ...<3 lines>...
        [tuple(row.get(column_name) for column_name in column_names) for row in rows],
        ^^^^^^^^^^^^^^^^^^^^^^^^^^^^^^^^^^^^^^^^^^^^^^^^^^^^^^^^^^^^^^^^^^^^^^^^^^^^^^
    )
    ^
[0m
