2026-06-20 21:32:04 +0200 - dagster - DEBUG - __ASSET_JOB - 9142fab3-8cb5-4f1e-bc39-b319e01955b0 - 30863 - LOGS_CAPTURED - Capturing logs for process (pid: 30863).
2026-06-20 21:32:05 +0200 - dagster - DEBUG - __ASSET_JOB - 9142fab3-8cb5-4f1e-bc39-b319e01955b0 - 30863 - latvia_ur_financial_metrics_usd_duckdb - STEP_START - Started execution of step "latvia_ur_financial_metrics_usd_duckdb".
2026-06-20 21:32:05 +0200 - dagster - INFO - __ASSET_JOB - 9142fab3-8cb5-4f1e-bc39-b319e01955b0 - latvia_ur_financial_metrics_usd_duckdb - Applying Latvia UR USD conversion: duckdb_path=data/latvia_ur_source.duckdb, table=latvia_ur.financial_metrics
2026-06-20 21:32:09 +0200 - dagster - ERROR - __ASSET_JOB - 9142fab3-8cb5-4f1e-bc39-b319e01955b0 - 30863 - latvia_ur_financial_metrics_usd_duckdb - STEP_FAILURE - Execution of step "latvia_ur_financial_metrics_usd_duckdb" failed.

dagster._core.errors.DagsterExecutionStepExecutionError: Error occurred while executing op "latvia_ur_financial_metrics_usd_duckdb"::

clickhouse_connect.driver.exceptions.DatabaseError: Received ClickHouse exception, code: 572, server response: Code: 572. DB::Exception: Too many optimizations applied to query plan. Current limit 10000. (TOO_MANY_QUERY_PLAN_OPTIMIZATIONS) (for url http://companycollect:8123)

Stack Trace:
  File "/Users/graovic/pulsarpoint/ppoint/companycollect/corpscout/dagster_v3/.venv/lib/python3.14/site-packages/dagster/_core/execution/plan/utils.py", line 57, in op_execution_error_boundary
    yield
  File "/Users/graovic/pulsarpoint/ppoint/companycollect/corpscout/dagster_v3/.venv/lib/python3.14/site-packages/dagster/_utils/__init__.py", line 394, in iterate_with_context
    next_output = next(iterator)
  File "/Users/graovic/pulsarpoint/ppoint/companycollect/corpscout/dagster_v3/.venv/lib/python3.14/site-packages/dagster/_core/execution/plan/compute_generator.py", line 136, in _coerce_op_compute_fn_to_iterator
    result = invoke_compute_fn(
        fn, context, kwargs, context_arg_provided, config_arg_class, resource_arg_mapping
    )
  File "/Users/graovic/pulsarpoint/ppoint/companycollect/corpscout/dagster_v3/.venv/lib/python3.14/site-packages/dagster/_core/execution/plan/compute_generator.py", line 116, in invoke_compute_fn
    return fn(context, **args_to_pass) if context_arg_provided else fn(**args_to_pass)
           ~~^^^^^^^^^^^^^^^^^^^^^^^^^
  File "/Users/graovic/pulsarpoint/ppoint/companycollect/corpscout/dagster_v3/src/dagster_v3/defs/latvia_ur/assets.py", line 349, in latvia_ur_financial_metrics_usd_duckdb
    counts = apply_latvia_ur_usd_conversion(
        database_path=LATVIA_UR_DUCKDB_PATH,
        exchange_rates=ExchangeRateClient.from_env(),
        log=context.log.info,
    )
  File "/Users/graovic/pulsarpoint/ppoint/companycollect/corpscout/dagster_v3/src/dagster_v3/defs/latvia_ur/metrics.py", line 174, in apply_latvia_ur_usd_conversion
    rates = _load_rates(exchange_rates, requests)
  File "/Users/graovic/pulsarpoint/ppoint/companycollect/corpscout/dagster_v3/src/dagster_v3/defs/latvia_ur/metrics.py", line 99, in _load_rates
    return exchange_rates.usd_rates(requests)
           ~~~~~~~~~~~~~~~~~~~~~~~~^^^^^^^^^^
  File "/Users/graovic/pulsarpoint/ppoint/companycollect/corpscout/dagster_v3/exchange_rates/client.py", line 57, in usd_rates
    components = self._load_components_for_requests(requests=unique_requests)
  File "/Users/graovic/pulsarpoint/ppoint/companycollect/corpscout/dagster_v3/exchange_rates/client.py", line 82, in _load_components_for_requests
    result = self._clickhouse_client.query(
        f"""
    ...<67 lines>...
        parameters={},
    )
  File "/Users/graovic/pulsarpoint/ppoint/companycollect/corpscout/dagster_v3/.venv/lib/python3.14/site-packages/clickhouse_connect/driver/client.py", line 382, in query
    return self._query_with_context(query_context)
           ~~~~~~~~~~~~~~~~~~~~~~~~^^^^^^^^^^^^^^^
  File "/Users/graovic/pulsarpoint/ppoint/companycollect/corpscout/dagster_v3/.venv/lib/python3.14/site-packages/clickhouse_connect/driver/httpclient.py", line 339, in _query_with_context
    response = self._raw_request(
        body,
    ...<5 lines>...
        server_wait=not context.streaming,
    )
  File "/Users/graovic/pulsarpoint/ppoint/companycollect/corpscout/dagster_v3/.venv/lib/python3.14/site-packages/clickhouse_connect/driver/httpclient.py", line 645, in _raw_request
    self._error_handler(response)
    ~~~~~~~~~~~~~~~~~~~^^^^^^^^^^
  File "/Users/graovic/pulsarpoint/ppoint/companycollect/corpscout/dagster_v3/.venv/lib/python3.14/site-packages/clickhouse_connect/driver/httpclient.py", line 537, in _error_handler
    raise err_type(err_str, code=code, name=name) from None

