[32m2026-06-19 11:39:06 +0200[0m - dagster - [34mDEBUG[0m - __ASSET_JOB - 3fcd9e4a-8925-4521-8cc2-d3cf735e0de7 - 30489 - LOGS_CAPTURED - Capturing logs for process (pid: 30489).
[32m2026-06-19 11:39:06 +0200[0m - dagster - [34mDEBUG[0m - __ASSET_JOB - 3fcd9e4a-8925-4521-8cc2-d3cf735e0de7 - 30489 - wikidata_company_seed_raw_objects - STEP_START - Started execution of step "wikidata_company_seed_raw_objects".
[32m2026-06-19 11:39:16 +0200[0m - dagster - [34mERROR[0m - [31m__ASSET_JOB - 3fcd9e4a-8925-4521-8cc2-d3cf735e0de7 - 30489 - wikidata_company_seed_raw_objects - STEP_FAILURE - Execution of step "wikidata_company_seed_raw_objects" failed.

dagster._core.errors.DagsterExecutionStepExecutionError: Error occurred while executing op "wikidata_company_seed_raw_objects"::

AttributeError: 'ObjectStoreResource' object has no attribute 'list_keys'

Stack Trace:
  File "/Users/graovic/pulsarpoint/ppoint/companycollect/corpscout/dagster_v3/.venv/lib/python3.14/site-packages/dagster/_core/execution/plan/utils.py", line 57, in op_execution_error_boundary
    yield
  File "/Users/graovic/pulsarpoint/ppoint/companycollect/corpscout/dagster_v3/.venv/lib/python3.14/site-packages/dagster/_utils/__init__.py", line 394, in iterate_with_context
    next_output = next(iterator)
  File "/Users/graovic/pulsarpoint/ppoint/companycollect/corpscout/dagster_v3/.venv/lib/python3.14/site-packages/dagster/_core/execution/plan/compute_generator.py", line 136, in _coerce_op_compute_fn_to_iterator
    result = invoke_compute_fn(
        fn, context, kwargs, context_arg_provided, config_arg_class, resource_arg_mapping
    )
  File "/Users/graovic/pulsarpoint/ppoint/companycollect/corpscout/dagster_v3/.venv/lib/python3.14/site-packages/dagster/_core/execution/plan/compute_generator.py", line 116, in invoke_compute_fn
    return fn(context, **args_to_pass) if context_arg_provided else fn(**args_to_pass)
           ~~^^^^^^^^^^^^^^^^^^^^^^^^^
  File "/Users/graovic/pulsarpoint/ppoint/companycollect/corpscout/dagster_v3/src/dagster_v3/defs/wikidata/assets.py", line 50, in wikidata_company_seed_raw_objects
    return pull_wikidata_company_seed_raw_objects(
        client=client,
    ...<4 lines>...
        sleep=time.sleep,
    )
  File "/Users/graovic/pulsarpoint/ppoint/companycollect/corpscout/dagster_v3/src/dagster_v3/defs/wikidata/assets.py", line 187, in pull_wikidata_company_seed_raw_objects
    deleted_old_raw_object_count = delete_old_wikidata_raw_snapshot_objects(
        object_store=object_store,
        run_id=run_id,
    )
  File "/Users/graovic/pulsarpoint/ppoint/companycollect/corpscout/dagster_v3/src/dagster_v3/defs/wikidata/assets.py", line 214, in delete_old_wikidata_raw_snapshot_objects
    for key in object_store.list_keys(raw_run_prefix, bucket=WIKIDATA_RAW_BUCKET)
               ^^^^^^^^^^^^^^^^^^^^^^
  File "/Users/graovic/pulsarpoint/ppoint/companycollect/corpscout/dagster_v3/.venv/lib/python3.14/site-packages/pydantic/main.py", line 1042, in __getattr__
    raise AttributeError(f'{type(self).__name__!r} object has no attribute {item!r}')
[0m
