{
  "runStatus": "CANCELED",
  "execution": {
    "execution_id": "ce521036-669b-4b96-8d1d-a71147c3bfa4",
    "task_id": "a9b44804-acb0-4085-8d4b-997a4f9d0594",
    "started_at": "2026-09-20T21:42:05.279547+00:00",
    "source_info": {
      "total": 736554,
      "relation": "corpscout.company_brave_search_input",
      "upper_id": "SE:5932001745",
      "table_uuid": "ed67e5fa-2bb1-429a-85d5-8368115f8cd5",
      "selection_task_id": "a9b44804-acb0-4085-8d4b-997a4f9d0594"
    },
    "input_relation": "corpscout.company_brave_search_input",
    "force": false,
    "rescan_old": false,
    "query_type": "official_website",
    "query_template": "Find the official website of {company_name}."
  },
  "unrelated": {
    "runId": "9da5e2b5-4529-4780-b8b4-74cd53326e8d",
    "status": "STARTED",
    "selectedAssets": [
      "norway_brreg_annual_account_pdfs"
    ]
  },
  "browser": {
    "version": "0.7.4",
    "active": []
  },
  "checkpoint": [
    {
      "total": 15918,
      "successful": 15709,
      "failed": 209,
      "distinct_inputs": 15918
    }
  ],
  "counts": [
    {
      "name": "website_site_info_results",
      "rows": 61
    },
    {
      "name": "company_brave_search_results",
      "rows": 26896
    },
    {
      "name": "se_company_brave_domains",
      "rows": 22673
    }
  ],
  "definitions": [
    {
      "name": "company_brave_search_input",
      "engine": "MergeTree"
    },
    {
      "name": "company_brave_search_latest",
      "engine": "View"
    },
    {
      "name": "company_brave_search_results",
      "engine": "ReplacingMergeTree"
    },
    {
      "name": "se_company_brave_domains",
      "engine": "ReplacingMergeTree"
    },
    {
      "name": "se_company_brave_domains_history",
      "engine": "View"
    },
    {
      "name": "se_company_brave_search_successes",
      "engine": "MaterializedView"
    },
    {
      "name": "se_company_domain_brave_extraction",
      "engine": "ReplacingMergeTree"
    },
    {
      "name": "website_crawl_results",
      "engine": "ReplacingMergeTree"
    },
    {
      "name": "website_crawl_results_latest",
      "engine": "View"
    },
    {
      "name": "website_crawl_results_s3",
      "engine": "View"
    },
    {
      "name": "website_full_crawl_results",
      "engine": "ReplacingMergeTree"
    },
    {
      "name": "website_full_crawl_results_current",
      "engine": "View"
    },
    {
      "name": "website_full_crawl_results_latest_success",
      "engine": "View"
    },
    {
      "name": "website_jobs_crawl_results",
      "engine": "ReplacingMergeTree"
    },
    {
      "name": "website_jobs_crawl_results_current",
      "engine": "View"
    },
    {
      "name": "website_jobs_crawl_results_latest_success",
      "engine": "View"
    },
    {
      "name": "website_site_info_results",
      "engine": "ReplacingMergeTree"
    },
    {
      "name": "website_site_info_results_current",
      "engine": "View"
    },
    {
      "name": "website_site_info_results_latest_success",
      "engine": "View"
    }
  ]
}
