[32m2026-06-20 17:42:59 +0200[0m - dagster - [34mDEBUG[0m - __ASSET_JOB - 5e8536aa-8bb6-4d40-a333-5a14134a65fb - 22257 - LOGS_CAPTURED - Capturing logs for process (pid: 22257).
[32m2026-06-20 17:42:59 +0200[0m - dagster - [34mDEBUG[0m - __ASSET_JOB - 5e8536aa-8bb6-4d40-a333-5a14134a65fb - 22257 - latvia_ur_balance_sheets_raw_duckdb - STEP_START - Started execution of step "latvia_ur_balance_sheets_raw_duckdb".
[32m2026-06-20 17:42:59 +0200[0m - dagster - [34mINFO[0m - __ASSET_JOB - 5e8536aa-8bb6-4d40-a333-5a14134a65fb - latvia_ur_balance_sheets_raw_duckdb - Loading Latvia UR financial CSV: url=https://data.gov.lv/dati/dataset/8d31b878-536a-44aa-a013-8bc6b669d477/resource/50ef4f26-f410-4007-b296-22043ca3dc43/download/balance_sheets.csv, duckdb_path=data/latvia_ur_source.duckdb, table=latvia_ur.balance_sheets_raw
[32m2026-06-20 17:43:03 +0200[0m - dagster - [34mERROR[0m - [31m__ASSET_JOB - 5e8536aa-8bb6-4d40-a333-5a14134a65fb - 22257 - latvia_ur_balance_sheets_raw_duckdb - STEP_FAILURE - Execution of step "latvia_ur_balance_sheets_raw_duckdb" failed.

dagster._core.errors.DagsterExecutionStepExecutionError: Error occurred while executing op "latvia_ur_balance_sheets_raw_duckdb"::

requests.exceptions.ChunkedEncodingError: ('Connection broken: IncompleteRead(22234844 bytes read, 119988876 more expected)', IncompleteRead(22234844 bytes read, 119988876 more expected))

Stack Trace:
  File "/Users/graovic/pulsarpoint/ppoint/companycollect/corpscout/dagster_v3/.venv/lib/python3.14/site-packages/dagster/_core/execution/plan/utils.py", line 57, in op_execution_error_boundary
    yield
  File "/Users/graovic/pulsarpoint/ppoint/companycollect/corpscout/dagster_v3/.venv/lib/python3.14/site-packages/dagster/_utils/__init__.py", line 394, in iterate_with_context
    next_output = next(iterator)
  File "/Users/graovic/pulsarpoint/ppoint/companycollect/corpscout/dagster_v3/.venv/lib/python3.14/site-packages/dagster/_core/execution/plan/compute_generator.py", line 136, in _coerce_op_compute_fn_to_iterator
    result = invoke_compute_fn(
        fn, context, kwargs, context_arg_provided, config_arg_class, resource_arg_mapping
    )
  File "/Users/graovic/pulsarpoint/ppoint/companycollect/corpscout/dagster_v3/.venv/lib/python3.14/site-packages/dagster/_core/execution/plan/compute_generator.py", line 116, in invoke_compute_fn
    return fn(context, **args_to_pass) if context_arg_provided else fn(**args_to_pass)
           ~~^^^^^^^^^^^^^^^^^^^^^^^^^
  File "/Users/graovic/pulsarpoint/ppoint/companycollect/corpscout/dagster_v3/src/dagster_v3/defs/latvia_ur/assets.py", line 198, in latvia_ur_balance_sheets_raw_duckdb
    return _load_financial_raw(
        context,
        raw_table=tables.BALANCE_SHEETS_RAW_TABLE,
        download_url=tables.BALANCE_SHEETS_URL,
    )
  File "/Users/graovic/pulsarpoint/ppoint/companycollect/corpscout/dagster_v3/src/dagster_v3/defs/latvia_ur/assets.py", line 157, in _load_financial_raw
    rows = load_latvia_ur_financial_csv(
        database_path=LATVIA_UR_DUCKDB_PATH,
        download_url=download_url,
        raw_table=raw_table,
    )
  File "/Users/graovic/pulsarpoint/ppoint/companycollect/corpscout/dagster_v3/src/dagster_v3/defs/latvia_ur/financials.py", line 55, in load_latvia_ur_financial_csv
    _download_to_path(
    ~~~~~~~~~~~~~~~~~^
        url=download_url,
        ^^^^^^^^^^^^^^^^^
    ...<3 lines>...
        session=session,
        ^^^^^^^^^^^^^^^^
    )
    ^
  File "/Users/graovic/pulsarpoint/ppoint/companycollect/corpscout/dagster_v3/src/dagster_v3/defs/latvia_ur/resources.py", line 221, in _download_to_path
    for chunk in iter_content(chunk_size=DOWNLOAD_CHUNK_BYTES):
                 ~~~~~~~~~~~~^^^^^^^^^^^^^^^^^^^^^^^^^^^^^^^^^
  File "/Users/graovic/pulsarpoint/ppoint/companycollect/corpscout/dagster_v3/.venv/lib/python3.14/site-packages/requests/models.py", line 939, in generate
    raise ChunkedEncodingError(e)

The above exception occurred during handling of the following exception:
urllib3.exceptions.ProtocolError: ('Connection broken: IncompleteRead(22234844 bytes read, 119988876 more expected)', IncompleteRead(22234844 bytes read, 119988876 more expected))

Stack Trace:
  File "/Users/graovic/pulsarpoint/ppoint/companycollect/corpscout/dagster_v3/.venv/lib/python3.14/site-packages/requests/models.py", line 937, in generate
    yield from self.raw.stream(chunk_size, decode_content=True)
  File "/Users/graovic/pulsarpoint/ppoint/companycollect/corpscout/dagster_v3/.venv/lib/python3.14/site-packages/urllib3/response.py", line 1267, in stream
    data = self.read(amt=amt, decode_content=decode_content)
  File "/Users/graovic/pulsarpoint/ppoint/companycollect/corpscout/dagster_v3/.venv/lib/python3.14/site-packages/urllib3/response.py", line 1155, in read
    data = self._raw_read(amt)
  File "/Users/graovic/pulsarpoint/ppoint/companycollect/corpscout/dagster_v3/.venv/lib/python3.14/site-packages/urllib3/response.py", line 1021, in _raw_read
    with self._error_catcher():
         ~~~~~~~~~~~~~~~~~~~^^
  File "/Users/graovic/.local/share/uv/python/cpython-3.14.2-macos-aarch64-none/lib/python3.14/contextlib.py", line 162, in __exit__
    self.gen.throw(value)
    ~~~~~~~~~~~~~~^^^^^^^
  File "/Users/graovic/pulsarpoint/ppoint/companycollect/corpscout/dagster_v3/.venv/lib/python3.14/site-packages/urllib3/response.py", line 925, in _error_catcher
    raise ProtocolError(arg, e) from e

The above exception was caused by the following exception:
urllib3.exceptions.IncompleteRead: IncompleteRead(22234844 bytes read, 119988876 more expected)

Stack Trace:
  File "/Users/graovic/pulsarpoint/ppoint/companycollect/corpscout/dagster_v3/.venv/lib/python3.14/site-packages/urllib3/response.py", line 905, in _error_catcher
    yield
  File "/Users/graovic/pulsarpoint/ppoint/companycollect/corpscout/dagster_v3/.venv/lib/python3.14/site-packages/urllib3/response.py", line 1043, in _raw_read
    raise IncompleteRead(self._fp_bytes_read, self.length_remaining)
[0m
