[32m2026-06-20 19:28:07 +0200[0m - dagster - [34mDEBUG[0m - __ASSET_JOB - 11e18ca8-1f7b-4f3f-bdd9-2301e4e16244 - 88709 - LOGS_CAPTURED - Capturing logs for process (pid: 88709).
[32m2026-06-20 19:28:07 +0200[0m - dagster - [34mDEBUG[0m - __ASSET_JOB - 11e18ca8-1f7b-4f3f-bdd9-2301e4e16244 - 88709 - latvia_ur_financial_metrics_duckdb - STEP_START - Started execution of step "latvia_ur_financial_metrics_duckdb".
[32m2026-06-20 19:28:08 +0200[0m - dagster - [34mINFO[0m - __ASSET_JOB - 11e18ca8-1f7b-4f3f-bdd9-2301e4e16244 - latvia_ur_financial_metrics_duckdb - Building Latvia UR native financial metrics: duckdb_path=data/latvia_ur_source.duckdb, table=latvia_ur.financial_metrics
[32m2026-06-20 20:08:10 +0200[0m - dagster - [34mERROR[0m - [31m__ASSET_JOB - 11e18ca8-1f7b-4f3f-bdd9-2301e4e16244 - 88709 - latvia_ur_financial_metrics_duckdb - STEP_FAILURE - Execution of step "latvia_ur_financial_metrics_duckdb" failed.

dagster._core.errors.DagsterExecutionStepExecutionError: Error occurred while executing op "latvia_ur_financial_metrics_duckdb"::

RuntimeError: Query interrupted

Stack Trace:
  File "/Users/graovic/pulsarpoint/ppoint/companycollect/corpscout/dagster_v3/.venv/lib/python3.14/site-packages/dagster/_core/execution/plan/utils.py", line 57, in op_execution_error_boundary
    yield
  File "/Users/graovic/pulsarpoint/ppoint/companycollect/corpscout/dagster_v3/.venv/lib/python3.14/site-packages/dagster/_utils/__init__.py", line 394, in iterate_with_context
    next_output = next(iterator)
  File "/Users/graovic/pulsarpoint/ppoint/companycollect/corpscout/dagster_v3/.venv/lib/python3.14/site-packages/dagster/_core/execution/plan/compute_generator.py", line 136, in _coerce_op_compute_fn_to_iterator
    result = invoke_compute_fn(
        fn, context, kwargs, context_arg_provided, config_arg_class, resource_arg_mapping
    )
  File "/Users/graovic/pulsarpoint/ppoint/companycollect/corpscout/dagster_v3/.venv/lib/python3.14/site-packages/dagster/_core/execution/plan/compute_generator.py", line 116, in invoke_compute_fn
    return fn(context, **args_to_pass) if context_arg_provided else fn(**args_to_pass)
           ~~^^^^^^^^^^^^^^^^^^^^^^^^^
  File "/Users/graovic/pulsarpoint/ppoint/companycollect/corpscout/dagster_v3/src/dagster_v3/defs/latvia_ur/assets.py", line 319, in latvia_ur_financial_metrics_duckdb
    counts = build_latvia_ur_financial_metrics(
        database_path=LATVIA_UR_DUCKDB_PATH,
        source_run_id=context.run_id,
        log=context.log.info,
    )
  File "/Users/graovic/pulsarpoint/ppoint/companycollect/corpscout/dagster_v3/src/dagster_v3/defs/latvia_ur/metrics.py", line 77, in build_latvia_ur_financial_metrics
    _write_metrics_table(database_path, rows)
    ~~~~~~~~~~~~~~~~~~~~^^^^^^^^^^^^^^^^^^^^^
  File "/Users/graovic/pulsarpoint/ppoint/companycollect/corpscout/dagster_v3/src/dagster_v3/defs/latvia_ur/metrics.py", line 258, in _write_metrics_table
    with duckdb.connect(str(database_path)) as connection:
         ~~~~~~~~~~~~~~^^^^^^^^^^^^^^^^^^^^
  File "/Users/graovic/pulsarpoint/ppoint/companycollect/corpscout/dagster_v3/src/dagster_v3/defs/latvia_ur/metrics.py", line 263, in _write_metrics_table
    connection.executemany(
    ~~~~~~~~~~~~~~~~~~~~~~^
        f"insert into {qualified} ({', '.join(columns)}) values ({placeholders})",
        ^^^^^^^^^^^^^^^^^^^^^^^^^^^^^^^^^^^^^^^^^^^^^^^^^^^^^^^^^^^^^^^^^^^^^^^^^^
        [tuple(row.get(col) for col in columns) for row in rows],
        ^^^^^^^^^^^^^^^^^^^^^^^^^^^^^^^^^^^^^^^^^^^^^^^^^^^^^^^^^
    )
    ^

The above exception was caused by the following exception:
dagster._core.errors.DagsterExecutionInterruptedError

Stack Trace:
  File "/Users/graovic/pulsarpoint/ppoint/companycollect/corpscout/dagster_v3/.venv/lib/python3.14/site-packages/dagster/_utils/interrupts.py", line 81, in _new_signal_handler
    raise error_cls()
[0m
