2026-06-21 08:13:04 +0200 - dagster - DEBUG - __ASSET_JOB - c640b977-2961-47f0-a6c2-5d1c2a8ac806 - 70033 - LOGS_CAPTURED - Capturing logs for process (pid: 70033).
2026-06-21 08:13:04 +0200 - dagster - DEBUG - __ASSET_JOB - c640b977-2961-47f0-a6c2-5d1c2a8ac806 - 70033 - estonia_ar_financial_statements_duckdb - STEP_START - Started execution of step "estonia_ar_financial_statements_duckdb".
2026-06-21 08:13:05 +0200 - dagster - INFO - __ASSET_JOB - c640b977-2961-47f0-a6c2-5d1c2a8ac806 - estonia_ar_financial_statements_duckdb - Building Estonia AR wide financial statements: duckdb_path=data/estonia_ar_source.duckdb, table=estonia_ar.financial_statements
2026-06-21 08:13:05 +0200 - dagster - ERROR - __ASSET_JOB - c640b977-2961-47f0-a6c2-5d1c2a8ac806 - 70033 - estonia_ar_financial_statements_duckdb - STEP_FAILURE - Execution of step "estonia_ar_financial_statements_duckdb" failed.

dagster._core.errors.DagsterExecutionStepExecutionError: Error occurred while executing op "estonia_ar_financial_statements_duckdb"::

_duckdb.CatalogException: Catalog Error: Table with name report_general_raw does not exist!
Did you mean "_dlt_pipeline_state"?

LINE 1: select count(*) from estonia_ar.report_general_raw
                             ^

Stack Trace:
  File "/Users/graovic/pulsarpoint/ppoint/companycollect/corpscout/dagster_v3/.venv/lib/python3.14/site-packages/dagster/_core/execution/plan/utils.py", line 57, in op_execution_error_boundary
    yield
  File "/Users/graovic/pulsarpoint/ppoint/companycollect/corpscout/dagster_v3/.venv/lib/python3.14/site-packages/dagster/_utils/__init__.py", line 394, in iterate_with_context
    next_output = next(iterator)
  File "/Users/graovic/pulsarpoint/ppoint/companycollect/corpscout/dagster_v3/.venv/lib/python3.14/site-packages/dagster/_core/execution/plan/compute_generator.py", line 136, in _coerce_op_compute_fn_to_iterator
    result = invoke_compute_fn(
        fn, context, kwargs, context_arg_provided, config_arg_class, resource_arg_mapping
    )
  File "/Users/graovic/pulsarpoint/ppoint/companycollect/corpscout/dagster_v3/.venv/lib/python3.14/site-packages/dagster/_core/execution/plan/compute_generator.py", line 116, in invoke_compute_fn
    return fn(context, **args_to_pass) if context_arg_provided else fn(**args_to_pass)
           ~~^^^^^^^^^^^^^^^^^^^^^^^^^
  File "/Users/graovic/pulsarpoint/ppoint/companycollect/corpscout/dagster_v3/src/dagster_v3/defs/estonia_ar/assets.py", line 230, in estonia_ar_financial_statements_duckdb
    counts = build_estonia_ar_financial_statements(
        database_path=ESTONIA_AR_DUCKDB_PATH,
        source_run_id=context.run_id,
        log=context.log.info,
    )
  File "/Users/graovic/pulsarpoint/ppoint/companycollect/corpscout/dagster_v3/src/dagster_v3/defs/estonia_ar/financials.py", line 168, in build_estonia_ar_financial_statements
    with duckdb.connect(str(database_path)) as connection:
         ~~~~~~~~~~~~~~^^^^^^^^^^^^^^^^^^^^
  File "/Users/graovic/pulsarpoint/ppoint/companycollect/corpscout/dagster_v3/src/dagster_v3/defs/estonia_ar/financials.py", line 170, in build_estonia_ar_financial_statements
    connection.execute(
    ~~~~~~~~~~~~~~~~~~^
        f"select count(*) from {DLT_DATASET_NAME}.{REPORT_GENERAL_RAW_TABLE}"
        ^^^^^^^^^^^^^^^^^^^^^^^^^^^^^^^^^^^^^^^^^^^^^^^^^^^^^^^^^^^^^^^^^^^^^
    ).fetchone()[0]
    ^

